MPLINK 5.08, LINKER
Linker Map File - Created Wed Mar 26 23:34:10 2025

                                 Section Info
                  Section       Type    Address   Location Size(Bytes)
                ---------  ---------  ---------  ---------  ---------
                   .org_0       code   0x000000    program   0x000000
                   .org_1       code   0x000000    program   0x000002
                   .org_2       code   0x000004    program   0x000110
.config_2007_/HOME/GUS/MPLABXPROJECTS/ATV_MC_       code   0x002007    program   0x000002



                              Program Memory Usage 
                               Start         End      
                           ---------   ---------      
                            0x000000    0x000000      
                            0x000004    0x00008b      
                            0x002007    0x002007      
            138 out of 1158 program addresses used, program memory utilization is 11%



                              Symbols - Sorted by Name
                     Name    Address   Location    Storage File                     
                ---------  ---------  ---------  --------- ---------                
              AC_CONV_INT   0x000009    program     static /home/gus/MPLABXProjects/ATV_MC_7.X/Vazio_EEPROM.ASM
                  AGUARDA   0x000032    program     static /home/gus/MPLABXProjects/ATV_MC_7.X/Vazio_EEPROM.ASM
                 AVG_CALC   0x000064    program     static /home/gus/MPLABXProjects/ATV_MC_7.X/Vazio_EEPROM.ASM
                 AVG_LOOP   0x00005f    program     static /home/gus/MPLABXProjects/ATV_MC_7.X/Vazio_EEPROM.ASM
            CONFIG_TIMER1   0x000073    program     static /home/gus/MPLABXProjects/ATV_MC_7.X/Vazio_EEPROM.ASM
                      FIM   0x00008b    program     static /home/gus/MPLABXProjects/ATV_MC_7.X/Vazio_EEPROM.ASM
             GRAVA_APOGEU   0x00007a    program     static /home/gus/MPLABXProjects/ATV_MC_7.X/Vazio_EEPROM.ASM
             GRAVA_EEPROM   0x000026    program     static /home/gus/MPLABXProjects/ATV_MC_7.X/Vazio_EEPROM.ASM
                   INICIO   0x000038    program     static /home/gus/MPLABXProjects/ATV_MC_7.X/Vazio_EEPROM.ASM
                INIT_LOOP   0x000050    program     static /home/gus/MPLABXProjects/ATV_MC_7.X/Vazio_EEPROM.ASM
                LE_EEPROM   0x00001f    program     static /home/gus/MPLABXProjects/ATV_MC_7.X/Vazio_EEPROM.ASM
                 LOW_LOOP   0x000053    program     static /home/gus/MPLABXProjects/ATV_MC_7.X/Vazio_EEPROM.ASM
                     MAIN   0x00004c    program     static /home/gus/MPLABXProjects/ATV_MC_7.X/Vazio_EEPROM.ASM
               OPEN_CHUTE   0x000084    program     static /home/gus/MPLABXProjects/ATV_MC_7.X/Vazio_EEPROM.ASM
                RESET_AVG   0x000059    program     static /home/gus/MPLABXProjects/ATV_MC_7.X/Vazio_EEPROM.ASM
                  SAI_INT   0x00001a    program     static /home/gus/MPLABXProjects/ATV_MC_7.X/Vazio_EEPROM.ASM
               SUBROTINA1   0x000037    program     static /home/gus/MPLABXProjects/ATV_MC_7.X/Vazio_EEPROM.ASM
               TIMER1_INT   0x000011    program     static /home/gus/MPLABXProjects/ATV_MC_7.X/Vazio_EEPROM.ASM
                  WAIT_5S   0x00007e    program     static /home/gus/MPLABXProjects/ATV_MC_7.X/Vazio_EEPROM.ASM



                              Symbols - Sorted by Address
                     Name    Address   Location    Storage File                     
                ---------  ---------  ---------  --------- ---------                
              AC_CONV_INT   0x000009    program     static /home/gus/MPLABXProjects/ATV_MC_7.X/Vazio_EEPROM.ASM
               TIMER1_INT   0x000011    program     static /home/gus/MPLABXProjects/ATV_MC_7.X/Vazio_EEPROM.ASM
                  SAI_INT   0x00001a    program     static /home/gus/MPLABXProjects/ATV_MC_7.X/Vazio_EEPROM.ASM
                LE_EEPROM   0x00001f    program     static /home/gus/MPLABXProjects/ATV_MC_7.X/Vazio_EEPROM.ASM
             GRAVA_EEPROM   0x000026    program     static /home/gus/MPLABXProjects/ATV_MC_7.X/Vazio_EEPROM.ASM
                  AGUARDA   0x000032    program     static /home/gus/MPLABXProjects/ATV_MC_7.X/Vazio_EEPROM.ASM
               SUBROTINA1   0x000037    program     static /home/gus/MPLABXProjects/ATV_MC_7.X/Vazio_EEPROM.ASM
                   INICIO   0x000038    program     static /home/gus/MPLABXProjects/ATV_MC_7.X/Vazio_EEPROM.ASM
                     MAIN   0x00004c    program     static /home/gus/MPLABXProjects/ATV_MC_7.X/Vazio_EEPROM.ASM
                INIT_LOOP   0x000050    program     static /home/gus/MPLABXProjects/ATV_MC_7.X/Vazio_EEPROM.ASM
                 LOW_LOOP   0x000053    program     static /home/gus/MPLABXProjects/ATV_MC_7.X/Vazio_EEPROM.ASM
                RESET_AVG   0x000059    program     static /home/gus/MPLABXProjects/ATV_MC_7.X/Vazio_EEPROM.ASM
                 AVG_LOOP   0x00005f    program     static /home/gus/MPLABXProjects/ATV_MC_7.X/Vazio_EEPROM.ASM
                 AVG_CALC   0x000064    program     static /home/gus/MPLABXProjects/ATV_MC_7.X/Vazio_EEPROM.ASM
            CONFIG_TIMER1   0x000073    program     static /home/gus/MPLABXProjects/ATV_MC_7.X/Vazio_EEPROM.ASM
             GRAVA_APOGEU   0x00007a    program     static /home/gus/MPLABXProjects/ATV_MC_7.X/Vazio_EEPROM.ASM
                  WAIT_5S   0x00007e    program     static /home/gus/MPLABXProjects/ATV_MC_7.X/Vazio_EEPROM.ASM
               OPEN_CHUTE   0x000084    program     static /home/gus/MPLABXProjects/ATV_MC_7.X/Vazio_EEPROM.ASM
                      FIM   0x00008b    program     static /home/gus/MPLABXProjects/ATV_MC_7.X/Vazio_EEPROM.ASM


