MPLINK 5.08, LINKER
Linker Map File - Created Tue Apr  8 17:15:01 2025

                                 Section Info
                  Section       Type    Address   Location Size(Bytes)
                ---------  ---------  ---------  ---------  ---------
                   .org_0       code   0x000000    program   0x000002
                   .cinit    romdata   0x000001    program   0x000004
                   .org_1       code   0x000004    program   0x00008a
.config_2007_BUILD/DEFAULT/DEBUG/VAZIO.O       code   0x002007    program   0x000002



                              Program Memory Usage 
                               Start         End      
                           ---------   ---------      
                            0x000000    0x000002      
                            0x000004    0x000048      
                            0x002007    0x002007      
            73 out of 1158 program addresses used, program memory utilization is 6%



                              Symbols - Sorted by Name
                     Name    Address   Location    Storage File                     
                ---------  ---------  ---------  --------- ---------                
                CONV_LOOP   0x000024    program     static /home/gus/MPLABXProjects/ATV_MC_8.X/Vazio.ASM
                   DORMIR   0x000046    program     static /home/gus/MPLABXProjects/ATV_MC_8.X/Vazio.ASM
                   INICIO   0x00000d    program     static /home/gus/MPLABXProjects/ATV_MC_8.X/Vazio.ASM
                     MAIN   0x00001d    program     static /home/gus/MPLABXProjects/ATV_MC_8.X/Vazio.ASM
         MAIOR_QUE_QUATRO   0x000042    program     static /home/gus/MPLABXProjects/ATV_MC_8.X/Vazio.ASM
           MENOR_QUE_DOIS   0x000027    program     static /home/gus/MPLABXProjects/ATV_MC_8.X/Vazio.ASM
         MENOR_QUE_QUATRO   0x000039    program     static /home/gus/MPLABXProjects/ATV_MC_8.X/Vazio.ASM
           MENOR_QUE_TRES   0x000030    program     static /home/gus/MPLABXProjects/ATV_MC_8.X/Vazio.ASM
                  SAI_INT   0x000007    program     static /home/gus/MPLABXProjects/ATV_MC_8.X/Vazio.ASM
               SUBROTINA1   0x00000c    program     static /home/gus/MPLABXProjects/ATV_MC_8.X/Vazio.ASM



                              Symbols - Sorted by Address
                     Name    Address   Location    Storage File                     
                ---------  ---------  ---------  --------- ---------                
                  SAI_INT   0x000007    program     static /home/gus/MPLABXProjects/ATV_MC_8.X/Vazio.ASM
               SUBROTINA1   0x00000c    program     static /home/gus/MPLABXProjects/ATV_MC_8.X/Vazio.ASM
                   INICIO   0x00000d    program     static /home/gus/MPLABXProjects/ATV_MC_8.X/Vazio.ASM
                     MAIN   0x00001d    program     static /home/gus/MPLABXProjects/ATV_MC_8.X/Vazio.ASM
                CONV_LOOP   0x000024    program     static /home/gus/MPLABXProjects/ATV_MC_8.X/Vazio.ASM
           MENOR_QUE_DOIS   0x000027    program     static /home/gus/MPLABXProjects/ATV_MC_8.X/Vazio.ASM
           MENOR_QUE_TRES   0x000030    program     static /home/gus/MPLABXProjects/ATV_MC_8.X/Vazio.ASM
         MENOR_QUE_QUATRO   0x000039    program     static /home/gus/MPLABXProjects/ATV_MC_8.X/Vazio.ASM
         MAIOR_QUE_QUATRO   0x000042    program     static /home/gus/MPLABXProjects/ATV_MC_8.X/Vazio.ASM
                   DORMIR   0x000046    program     static /home/gus/MPLABXProjects/ATV_MC_8.X/Vazio.ASM


