MPLINK 5.08, LINKER
Linker Map File - Created Tue Feb 11 10:49:34 2025

                                 Section Info
                  Section       Type    Address   Location Size(Bytes)
                ---------  ---------  ---------  ---------  ---------
                   .org_0       code   0x000000    program   0x000000
                   .org_1       code   0x000000    program   0x000002
                   .org_2       code   0x000004    program   0x00006e
.config_2007_/HOME/GUS/MPLABXPROJECTS/ATV_MC_       code   0x002007    program   0x000002



                              Program Memory Usage 
                               Start         End      
                           ---------   ---------      
                            0x000000    0x000000      
                            0x000004    0x00003a      
                            0x002007    0x002007      
            57 out of 1158 program addresses used, program memory utilization is 4%



                              Symbols - Sorted by Name
                     Name    Address   Location    Storage File                     
                ---------  ---------  ---------  --------- ---------                
                   INICIO   0x000016    program     static /home/gus/MPLABXProjects/ATV_MC_3.X/ATV_MC_3.ASM
                     LOOP   0x00002c    program     static /home/gus/MPLABXProjects/ATV_MC_3.X/ATV_MC_3.ASM
                     MAIN   0x000025    program     static /home/gus/MPLABXProjects/ATV_MC_3.X/ATV_MC_3.ASM
            RESET_COUNTER   0x000028    program     static /home/gus/MPLABXProjects/ATV_MC_3.X/ATV_MC_3.ASM
                  SAI_INT   0x000010    program     static /home/gus/MPLABXProjects/ATV_MC_3.X/ATV_MC_3.ASM
               SUBROTINA1   0x000015    program     static /home/gus/MPLABXProjects/ATV_MC_3.X/ATV_MC_3.ASM



                              Symbols - Sorted by Address
                     Name    Address   Location    Storage File                     
                ---------  ---------  ---------  --------- ---------                
                  SAI_INT   0x000010    program     static /home/gus/MPLABXProjects/ATV_MC_3.X/ATV_MC_3.ASM
               SUBROTINA1   0x000015    program     static /home/gus/MPLABXProjects/ATV_MC_3.X/ATV_MC_3.ASM
                   INICIO   0x000016    program     static /home/gus/MPLABXProjects/ATV_MC_3.X/ATV_MC_3.ASM
                     MAIN   0x000025    program     static /home/gus/MPLABXProjects/ATV_MC_3.X/ATV_MC_3.ASM
            RESET_COUNTER   0x000028    program     static /home/gus/MPLABXProjects/ATV_MC_3.X/ATV_MC_3.ASM
                     LOOP   0x00002c    program     static /home/gus/MPLABXProjects/ATV_MC_3.X/ATV_MC_3.ASM


