MPLINK 5.08, LINKER
Linker Map File - Created Fri Dec 20 21:10:34 2024

                                 Section Info
                  Section       Type    Address   Location Size(Bytes)
                ---------  ---------  ---------  ---------  ---------
                   .org_0       code   0x000000    program   0x000000
                   .org_1       code   0x000000    program   0x000002
                   .org_2       code   0x000004    program   0x00005c
.config_2007_/HOME/GUS/MPLABXPROJECTS/MC_ATV_       code   0x002007    program   0x000002



                              Program Memory Usage 
                               Start         End      
                           ---------   ---------      
                            0x000000    0x000000      
                            0x000004    0x000031      
                            0x002007    0x002007      
            48 out of 1158 program addresses used, program memory utilization is 4%



                              Symbols - Sorted by Name
                     Name    Address   Location    Storage File                     
                ---------  ---------  ---------  --------- ---------                
                   INICIO   0x00000d    program     static /home/gus/MPLABXProjects/MC_ATV_2.X/Vazio.ASM
                     LOOP   0x000021    program     static /home/gus/MPLABXProjects/MC_ATV_2.X/Vazio.ASM
                   LOOP_2   0x00002c    program     static /home/gus/MPLABXProjects/MC_ATV_2.X/Vazio.ASM
                     MAIN   0x000018    program     static /home/gus/MPLABXProjects/MC_ATV_2.X/Vazio.ASM
                  SAI_INT   0x000007    program     static /home/gus/MPLABXProjects/MC_ATV_2.X/Vazio.ASM
               SUBROTINA1   0x00000c    program     static /home/gus/MPLABXProjects/MC_ATV_2.X/Vazio.ASM



                              Symbols - Sorted by Address
                     Name    Address   Location    Storage File                     
                ---------  ---------  ---------  --------- ---------                
                  SAI_INT   0x000007    program     static /home/gus/MPLABXProjects/MC_ATV_2.X/Vazio.ASM
               SUBROTINA1   0x00000c    program     static /home/gus/MPLABXProjects/MC_ATV_2.X/Vazio.ASM
                   INICIO   0x00000d    program     static /home/gus/MPLABXProjects/MC_ATV_2.X/Vazio.ASM
                     MAIN   0x000018    program     static /home/gus/MPLABXProjects/MC_ATV_2.X/Vazio.ASM
                     LOOP   0x000021    program     static /home/gus/MPLABXProjects/MC_ATV_2.X/Vazio.ASM
                   LOOP_2   0x00002c    program     static /home/gus/MPLABXProjects/MC_ATV_2.X/Vazio.ASM


