MPLINK 5.08, LINKER
Linker Map File - Created Sun Mar  9 18:30:53 2025

                                 Section Info
                  Section       Type    Address   Location Size(Bytes)
                ---------  ---------  ---------  ---------  ---------
                   .org_0       code   0x000000    program   0x000000
                   .org_1       code   0x000000    program   0x000002
                   .org_2       code   0x000004    program   0x000066
.config_2007_/HOME/GUS/MPLABXPROJECTS/ATV_MC_       code   0x002007    program   0x000002



                              Program Memory Usage 
                               Start         End      
                           ---------   ---------      
                            0x000000    0x000000      
                            0x000004    0x000036      
                            0x002007    0x002007      
            53 out of 1158 program addresses used, program memory utilization is 4%



                              Symbols - Sorted by Name
                     Name    Address   Location    Storage File                     
                ---------  ---------  ---------  --------- ---------                
                   INICIO   0x00000e    program     static /home/gus/MPLABXProjects/ATV_MC_5.X/ATV_MC_5.ASM
              JUMP_LOOP_1   0x00002c    program     static /home/gus/MPLABXProjects/ATV_MC_5.X/ATV_MC_5.ASM
                   LOOP_1   0x000027    program     static /home/gus/MPLABXProjects/ATV_MC_5.X/ATV_MC_5.ASM
                   LOOP_2   0x000031    program     static /home/gus/MPLABXProjects/ATV_MC_5.X/ATV_MC_5.ASM
                     MAIN   0x000020    program     static /home/gus/MPLABXProjects/ATV_MC_5.X/ATV_MC_5.ASM
                  SAI_INT   0x000008    program     static /home/gus/MPLABXProjects/ATV_MC_5.X/ATV_MC_5.ASM
               SUBROTINA1   0x00000d    program     static /home/gus/MPLABXProjects/ATV_MC_5.X/ATV_MC_5.ASM



                              Symbols - Sorted by Address
                     Name    Address   Location    Storage File                     
                ---------  ---------  ---------  --------- ---------                
                  SAI_INT   0x000008    program     static /home/gus/MPLABXProjects/ATV_MC_5.X/ATV_MC_5.ASM
               SUBROTINA1   0x00000d    program     static /home/gus/MPLABXProjects/ATV_MC_5.X/ATV_MC_5.ASM
                   INICIO   0x00000e    program     static /home/gus/MPLABXProjects/ATV_MC_5.X/ATV_MC_5.ASM
                     MAIN   0x000020    program     static /home/gus/MPLABXProjects/ATV_MC_5.X/ATV_MC_5.ASM
                   LOOP_1   0x000027    program     static /home/gus/MPLABXProjects/ATV_MC_5.X/ATV_MC_5.ASM
              JUMP_LOOP_1   0x00002c    program     static /home/gus/MPLABXProjects/ATV_MC_5.X/ATV_MC_5.ASM
                   LOOP_2   0x000031    program     static /home/gus/MPLABXProjects/ATV_MC_5.X/ATV_MC_5.ASM


