MPLINK 5.08, LINKER
Linker Map File - Created Sun Mar 16 01:58:31 2025

                                 Section Info
                  Section       Type    Address   Location Size(Bytes)
                ---------  ---------  ---------  ---------  ---------
                   .org_0       code   0x000000    program   0x000000
                   .org_1       code   0x000000    program   0x000002
                   .org_2       code   0x000004    program   0x0000b2
.config_2007_/HOME/GUS/MPLABXPROJECTS/ATV_MC_       code   0x002007    program   0x000002



                              Program Memory Usage 
                               Start         End      
                           ---------   ---------      
                            0x000000    0x000000      
                            0x000004    0x00005c      
                            0x002007    0x002007      
            91 out of 1158 program addresses used, program memory utilization is 7%



                              Symbols - Sorted by Name
                     Name    Address   Location    Storage File                     
                ---------  ---------  ---------  --------- ---------                
                     BLUE   0x000052    program     static /home/gus/MPLABXProjects/ATV_MC_6.X/Vazio.ASM
                CLEAR_ALL   0x00001a    program     static /home/gus/MPLABXProjects/ATV_MC_6.X/Vazio.ASM
          CLEAR_TIMER_INT   0x00001d    program     static /home/gus/MPLABXProjects/ATV_MC_6.X/Vazio.ASM
                    GREEN   0x000048    program     static /home/gus/MPLABXProjects/ATV_MC_6.X/Vazio.ASM
                   INICIO   0x000026    program     static /home/gus/MPLABXProjects/ATV_MC_6.X/Vazio.ASM
                     LOOP   0x000039    program     static /home/gus/MPLABXProjects/ATV_MC_6.X/Vazio.ASM
                     MAIN   0x000036    program     static /home/gus/MPLABXProjects/ATV_MC_6.X/Vazio.ASM
                     NEXT   0x00000c    program     static /home/gus/MPLABXProjects/ATV_MC_6.X/Vazio.ASM
                      RED   0x00003e    program     static /home/gus/MPLABXProjects/ATV_MC_6.X/Vazio.ASM
                  SAI_INT   0x000020    program     static /home/gus/MPLABXProjects/ATV_MC_6.X/Vazio.ASM
               SELECT_PIN   0x000007    program     static /home/gus/MPLABXProjects/ATV_MC_6.X/Vazio.ASM
                 SET_BLUE   0x000017    program     static /home/gus/MPLABXProjects/ATV_MC_6.X/Vazio.ASM
                SET_GREEN   0x000014    program     static /home/gus/MPLABXProjects/ATV_MC_6.X/Vazio.ASM
                  SET_RED   0x000011    program     static /home/gus/MPLABXProjects/ATV_MC_6.X/Vazio.ASM
               SUBROTINA1   0x000025    program     static /home/gus/MPLABXProjects/ATV_MC_6.X/Vazio.ASM
            TURN_BLUE_OFF   0x000058    program     static /home/gus/MPLABXProjects/ATV_MC_6.X/Vazio.ASM
             TURN_BLUE_ON   0x000056    program     static /home/gus/MPLABXProjects/ATV_MC_6.X/Vazio.ASM
           TURN_GREEN_OFF   0x00004e    program     static /home/gus/MPLABXProjects/ATV_MC_6.X/Vazio.ASM
            TURN_GREEN_ON   0x00004c    program     static /home/gus/MPLABXProjects/ATV_MC_6.X/Vazio.ASM
             TURN_RED_OFF   0x000044    program     static /home/gus/MPLABXProjects/ATV_MC_6.X/Vazio.ASM
              TURN_RED_ON   0x000042    program     static /home/gus/MPLABXProjects/ATV_MC_6.X/Vazio.ASM



                              Symbols - Sorted by Address
                     Name    Address   Location    Storage File                     
                ---------  ---------  ---------  --------- ---------                
               SELECT_PIN   0x000007    program     static /home/gus/MPLABXProjects/ATV_MC_6.X/Vazio.ASM
                     NEXT   0x00000c    program     static /home/gus/MPLABXProjects/ATV_MC_6.X/Vazio.ASM
                  SET_RED   0x000011    program     static /home/gus/MPLABXProjects/ATV_MC_6.X/Vazio.ASM
                SET_GREEN   0x000014    program     static /home/gus/MPLABXProjects/ATV_MC_6.X/Vazio.ASM
                 SET_BLUE   0x000017    program     static /home/gus/MPLABXProjects/ATV_MC_6.X/Vazio.ASM
                CLEAR_ALL   0x00001a    program     static /home/gus/MPLABXProjects/ATV_MC_6.X/Vazio.ASM
          CLEAR_TIMER_INT   0x00001d    program     static /home/gus/MPLABXProjects/ATV_MC_6.X/Vazio.ASM
                  SAI_INT   0x000020    program     static /home/gus/MPLABXProjects/ATV_MC_6.X/Vazio.ASM
               SUBROTINA1   0x000025    program     static /home/gus/MPLABXProjects/ATV_MC_6.X/Vazio.ASM
                   INICIO   0x000026    program     static /home/gus/MPLABXProjects/ATV_MC_6.X/Vazio.ASM
                     MAIN   0x000036    program     static /home/gus/MPLABXProjects/ATV_MC_6.X/Vazio.ASM
                     LOOP   0x000039    program     static /home/gus/MPLABXProjects/ATV_MC_6.X/Vazio.ASM
                      RED   0x00003e    program     static /home/gus/MPLABXProjects/ATV_MC_6.X/Vazio.ASM
              TURN_RED_ON   0x000042    program     static /home/gus/MPLABXProjects/ATV_MC_6.X/Vazio.ASM
             TURN_RED_OFF   0x000044    program     static /home/gus/MPLABXProjects/ATV_MC_6.X/Vazio.ASM
                    GREEN   0x000048    program     static /home/gus/MPLABXProjects/ATV_MC_6.X/Vazio.ASM
            TURN_GREEN_ON   0x00004c    program     static /home/gus/MPLABXProjects/ATV_MC_6.X/Vazio.ASM
           TURN_GREEN_OFF   0x00004e    program     static /home/gus/MPLABXProjects/ATV_MC_6.X/Vazio.ASM
                     BLUE   0x000052    program     static /home/gus/MPLABXProjects/ATV_MC_6.X/Vazio.ASM
             TURN_BLUE_ON   0x000056    program     static /home/gus/MPLABXProjects/ATV_MC_6.X/Vazio.ASM
            TURN_BLUE_OFF   0x000058    program     static /home/gus/MPLABXProjects/ATV_MC_6.X/Vazio.ASM


